// Jest Snapshot v1, https://goo.gl/fbAQLP

exports[`Rendered register form button 1`] = `
<div>
  <button
    class="MuiButtonBase-root MuiButton-root MuiButton-contained makeStyles-registerButton-5 MuiButton-containedPrimary MuiButton-containedSizeLarge MuiButton-sizeLarge"
    data-testid="register-button"
    tabindex="0"
    type="button"
  >
    <span
      class="MuiButton-label"
    >
      Register Dog
    </span>
    <span
      class="MuiTouchRipple-root"
    />
  </button>
</div>
`;
